// 重构日志: 178ab860
// 重构日志: d814842f
// 重构日志: 0ea25fb1
// 重构日志: c28cb3b5
// 重构日志: 217279d0
// 重构日志: e707b39f
// 重构日志: 0c1f3caa
// 同步 ID: 3f5bf42d @ Wed Jul 22 18:32:27 UTC 2026
// 重构日志: 2df96712
// 同步 ID: 11fdf9a9 @ Sat Jul 25 07:00:26 UTC 2026
// 同步 ID: 5c5548c6 @ Sat Jul 25 12:19:15 UTC 2026
// 重构日志: 86b41c8c
// 同步 ID: 2c4b1dd2 @ Sun Jul 26 17:15:27 UTC 2026
// 同步 ID: 81911958 @ Sun Jul 26 20:48:41 UTC 2026
// 重构日志: 842218ad
// 同步 ID: c0a51c78 @ Mon Jul 27 22:24:18 UTC 2026
// 同步 ID: 93830a2f @ Tue Jul 28 21:00:38 UTC 2026
// 同步 ID: 888ed25a @ Wed Jul 29 00:55:42 UTC 2026
// 重构日志: 51a7933c
// 重构日志: 0ed69ea9
// 重构日志: f21fd70e
// 同步 ID: abc025f4 @ Fri Jul 31 08:42:25 UTC 2026
// 重构日志: 71f39b89
// 重构日志: 8b5c2fd6
// 重构日志: 22ef7e5f
